<html>
<body>
<pre>
<h1>µVision Build Log</h1>
<h2>Tool Versions:</h2>
IDE-Version: ¦ÌVision V5.14.0.0
Copyright (C) 2015 ARM Ltd and ARM Germany GmbH. All rights reserved.
License Information: 5515151 11515151, 5115515, LIC=KRMUH-WZYUL-IH08E-57HCK-5QI60-SI0NL
 
Tool Versions:
Toolchain:       MDK-ARM Standard  Version: 5.14.0.0
Toolchain Path:  F:\MDK5\ARM\ARMCC\Bin
C Compiler:      Armcc.exe V5.05 update 1 (build 106)
Assembler:       Armasm.exe V5.05 update 1 (build 106)
Linker/Locator:  ArmLink.exe V5.05 update 1 (build 106)
Library Manager: ArmAr.exe V5.05 update 1 (build 106)
Hex Converter:   FromElf.exe V5.05 update 1 (build 106)
CPU DLL:         SARMCM3.DLL V5.14.0.0
Dialog DLL:      DCM.DLL V1.13.1.0
Target DLL:      STLink\ST-LINKIII-KEIL_SWO.dll V2.0.14.0_KEIL
Dialog DLL:      TCM.DLL V1.14.4.0
 
<h2>Project:</h2>
d:\Users\Administrator\Desktop\stm32\4.1\ADC\MDK-ARM\ADC.uvprojx
Project File Date:  07/17/2021

<h2>Output:</h2>
Build target 'ADC'
compiling main.c...
../Core/Src/main.c(122): warning:  #1035-D: single-precision operand implicitly converted to double-precision
                        Real_value=(float)(ADC_value)/4096*3.3;
../Core/Src/main.c: 1 warning, 0 errors
linking...
Program Size: Code=8808 RO-data=448 RW-data=36 ZI-data=1164  
FromELF: creating hex file...
"ADC\ADC.axf" - 0 Error(s), 1 Warning(s).

<h2>Software Packages used:</h2>

Package Vendor: ARM
                http://www.keil.com/pack/ARM.CMSIS.4.2.0.pack
                ARM::CMSIS:CORE:3.40.0
                CMSIS (Cortex Microcontroller Software Interface Standard)
   * Component: CORE Version: 3.40.0

<h2>Collection of Component include folders:</h2>
  d:\Users\Administrator\Desktop\stm32\4.1\ADC\MDK-ARM\RTE
  F:\MDK5\ARM\PACK\ARM\CMSIS\4.2.0\CMSIS\Include
  F:\MDK5\ARM\PACK\Keil\STM32F4xx_DFP\1.0.8\Device\Include

<h2>Collection of Component Files used:</h2>

   * Component: ARM::CMSIS:CORE:3.40.0
      Source file:   CMSIS\UserCodeTemplates\ARM\ITM_Retarget.c
</pre>
</body>
</html>
